// Jest Snapshot v1, https://goo.gl/fbAQLP

exports[`Pruebas sobre GifGridItem Mostrar componente GifGridItem 1`] = `
<div
  className="card animate__animated animate__fadeIn"
>
  <img
    alt="Titulo de prueba"
    src="https:localhost/Prueba.jpg"
  />
  <p>
    Titulo de prueba
  </p>
</div>
`;
